<?xml version="1.0"?>
<testsuites>
  <testsuite name="PhantomJS 1.9.2 (Linux)" package="" timestamp="2013-09-29T07:30:46" id="0" hostname="mquy-HP-Pavilion-dv6-Notebook-PC" tests="1" errors="0" failures="0" time="0.001">
    <properties>
      <property name="browser.fullName" value="Mozilla/5.0 (Unknown; Linux x86_64) AppleWebKit/534.34 (KHTML, like Gecko) PhantomJS/1.9.2 Safari/534.34"/>
    </properties>
    <testcase name="should exist" time="0.001" classname="PhantomJS 1.9.2 (Linux).Utils merge"/>
    <system-out><![CDATA[
]]></system-out>
    <system-err/>
  </testsuite>
</testsuites>
